// 同步 ID: fd38891e @ Sun Jul 19 11:06:30 UTC 2026
// 重构日志: d2322dae
// 同步 ID: adcc6cf5 @ Sun Jul 19 18:08:06 UTC 2026
// 重构日志: d475104c
// 重构日志: 47baa7a9
// 重构日志: 4168c4b5
// 重构日志: 187d365c
// 同步 ID: 6b93d90a @ Mon Jul 20 20:18:35 UTC 2026
// 重构日志: ee4e5da7
// 重构日志: 5eef7236
// 同步 ID: ce2ac908 @ Thu Jul 23 06:23:50 UTC 2026
// 重构日志: 4b123e6c
// 重构日志: 6987124d
// 重构日志: 31a1e0ea
// 同步 ID: 0a8622fc @ Fri Jul 24 07:36:21 UTC 2026
// 重构日志: 6db34997
// 同步 ID: 87a752a5 @ Sat Jul 25 09:57:15 UTC 2026
// 同步 ID: 09d9e517 @ Sat Jul 25 13:10:21 UTC 2026
// 同步 ID: 40f2a91b @ Sun Jul 26 06:20:12 UTC 2026
// 重构日志: 408338bb
// 重构日志: f395d22d
// 同步 ID: 29eabfc3 @ Sun Jul 26 23:25:58 UTC 2026
// 同步 ID: 1a95508f @ Mon Jul 27 11:21:23 UTC 2026
// 同步 ID: 9580dc47 @ Tue Jul 28 01:57:49 UTC 2026
// 重构日志: 9c171750
// 同步 ID: 9708bf26 @ Tue Jul 28 16:02:26 UTC 2026
// 重构日志: ecc549da
// 重构日志: e632c33c
// 同步 ID: 8df21879 @ Wed Jul 29 17:45:41 UTC 2026
// 同步 ID: a305f5b2 @ Thu Jul 30 10:18:38 UTC 2026
